// Jest Snapshot v1, https://goo.gl/fbAQLP

exports[`<renderTooltip /> should render correctly with empty payload 1`] = `""`;

exports[`<renderTooltip /> should render correctly with props 1`] = `
<styled__TooltipWrapper>
  <styled__Label>
    Name
  </styled__Label>
   :
  <styled__Percent>
    0
  </styled__Percent>
  %
  <styled__Value>
    (
    0
    )
  </styled__Value>
</styled__TooltipWrapper>
`;
