// Jest Snapshot v1, https://goo.gl/fbAQLP

exports[`<ButtonGroup /> should render correctly with mandatory props 1`] = `
<_default
  onChange={[MockFunction]}
  options={
    Array [
      Object {
        "tooltip": "tooltip",
        "value": "0",
      },
    ]
  }
  tooltip="tooltip"
  value={
    Array [
      "0",
      "1",
      "2",
    ]
  }
>
  <styled__Wrapper
    clearable={false}
    onChange={[MockFunction]}
    options={
      Array [
        Object {
          "tooltip": "tooltip",
          "value": "0",
        },
      ]
    }
    tooltip="tooltip"
    value={
      Array [
        "0",
        "1",
        "2",
      ]
    }
  >
    <div
      className="styled__Wrapper-sc-6sc1ip-0 fPqTDi"
      onChange={[MockFunction]}
      value={
        Array [
          "0",
          "1",
          "2",
        ]
      }
    >
      <_default
        className="tooltip-option"
        effect="solid"
        id="tooltip"
        key="0"
        value="tooltip"
      >
        <styled__Wrapper
          className="tooltip-option"
          data-for="tooltip"
          data-tip="tooltip"
          effect="solid"
          id="tooltip"
          value="tooltip"
        >
          <div
            className="tooltip-option styled__Wrapper-funpqb-0 cznzQQ"
            data-for="tooltip"
            data-tip="tooltip"
            id="tooltip"
            value="tooltip"
          >
            <label
              className="radio-option selected"
            >
              <input
                className="radio-option-value"
                name="option"
                onChange={[Function]}
                type="radio"
                value="0"
              />
            </label>
            <styled__TooltipWrapper
              display="true"
            >
              <div
                className="styled__TooltipWrapper-funpqb-1 gQtIVd"
                display="true"
              >
                <ReactTooltip
                  clickable={false}
                  delayShow={300}
                  effect="solid"
                  getContent={[Function]}
                  html={true}
                  id="tooltip"
                  insecure={true}
                  multiline={true}
                  place="top"
                  resizeHide={true}
                  type="dark"
                  wrapper="div"
                >
                  <div
                    className="__react_component_tooltip place-top type-dark"
                    data-id="tooltip"
                    id="tooltip"
                  >
                    null
                  </div>
                </ReactTooltip>
              </div>
            </styled__TooltipWrapper>
          </div>
        </styled__Wrapper>
      </_default>
    </div>
  </styled__Wrapper>
</_default>
`;
