// Jest Snapshot v1, https://goo.gl/fbAQLP

exports[`<PrivacyNotification /> does not renders privacy content 1`] = `""`;

exports[`<PrivacyNotification /> renders privacy content 1`] = `
<styled__Wrapper>
  <styled__PrivacyContent>
    <styled__PrivacyHeader>
      pages.compliance.header
    </styled__PrivacyHeader>
    <styled__PrivacyNotice>
      pages.compliance.primaryContent
       
      <styled__PrivacyLink
        className="privacy-link"
        href="https://www.onupkeep.com/privacy"
        rel="noopener noreferrer"
        target="_blank"
      >
        pages.compliance.policyLink
      </styled__PrivacyLink>
       
      pages.compliance.additionalContent
    </styled__PrivacyNotice>
  </styled__PrivacyContent>
  <styled__PrivacyCTA>
    <styled__PrivacyButton
      onClick={[Function]}
      theme="white"
    >
      pages.compliance.policyCTA
    </styled__PrivacyButton>
  </styled__PrivacyCTA>
</styled__Wrapper>
`;
